// Jest Snapshot v1, https://goo.gl/fbAQLP

exports[`Header renders correctly 1`] = `
Array [
  <style
    dangerouslySetInnerHTML={
      Object {
        "__html": ".css-i2fnqt-Header{--bg-opacity:1;background-color:rgba(128,90,213,var(--bg-opacity));margin-bottom:1.5rem;}",
      }
    }
    data-emotion-css="i2fnqt-Header"
  />,
  <header
    className="css-i2fnqt-Header e1qr1m9j0"
  >
    <div
      className="headerContainer"
    >
      <a
        className="headerLink"
        href="/"
      >
        Default Starter
      </a>
    </div>
  </header>,
]
`;
